[config] FIREBASE_SERVICE_ACCOUNT 미설정 — Firebase 비활성 (로컬 엔진 테스트 모드).

🚀 LLM_BACKEND=claudecode  mode=blog  lang=ko  FLOOR_V2=ON  CHUNK=ON  optIn=false  입력 1719자
────────────────────────────────────────────────────────────────
[입력 미리보기]
오늘날 기업 경영의 가장 큰 특징은 “예측하기 어렵다”는 점이다. 과거에는 좋은 제품을 만들고, 적절한 가격을 책정하고, 안정적으로 유통망을 확보하면 어느 정도 성과를 기대할 수 있었다. 물론 그때도 경쟁은 있었고 위기는 존재했지만, 시장의 흐름은 지금보다 비교적 천천히 변했다. 그러나 현재의 기업 환경은 다르다. 기술은 빠르게 바뀌고, 소비자의 취향은 짧은 시간 안에 이동하며, 글로벌 공급망은 정치·경제적 변수에 따라 흔들린다. 여기에 인공지능, 자동화, 플랫폼 경제, ESG, 인구 구조 변화까지 더해지면서 기업은 단순히 제품을  …
────────────────────────────────────────────────────────────────
(node:31700) [DEP0190] DeprecationWarning: Passing args to a child process with shell option true can lead to security vulnerabilities, as the arguments are not escaped, only concatenated.
(Use `node --trace-deprecation ...` to show where the warning was created)
[출력 결과]
요즘 기업 경영에서 가장 무서운 건 뭘까요? 바로 "내일이 어떻게 될지 모른다"는 거예요.

예전엔 달랐어요. 괜찮은 제품 만들고, 가격 맞추고, 유통망 탄탄하게 잡아두면 어느 정도는 굴러갔거든요. 위기도 있었고 경쟁도 있었죠. 근데 시장이 지금처럼 이렇게 확 뒤집히진 않았어요.

지금은 달라요.

기술이 툭툭 바뀌는 속도가 예전이랑 차원이 다르고, 소비자 취향은 기업이 따라잡기도 전에 슬쩍 다른 곳으로 가버려요. 글로벌 공급망은요? 정치 한 번 꼬이고 경제 변수 하나 튀면 순식간에 흔들리더라고요.

여기에 인공지능, 자동화, 플랫폼 경제, ESG, 인구 구조 변화까지 한꺼번에 쏟아지고 있으니까요. 경영자들은 이제 "제품 잘 팔기"보다 훨씬 복잡하고 무거운 판단을 떠안게 됐어요. 변수가 많아진 게 아니라, 변수들이 서로 얽혀서 예측 자체를 어렵게 만들어버린 거죠.

경영이란 결국 한정된 자원을 활용해 조직의 목표를 달성하는 과정이다. 사람, 돈, 시간, 기술, 정보 같은 자원은 무한하지 않다. 경영자는 이 제한된 자원을 어디에 배치할지 결정해야 한다. 문제는 선택의 결과가 항상 즉시 드러나지 않는다는 점이다. 어떤 투자는 몇 년 뒤에 성과가 나타나고, 어떤 비용 절감은 당장은 이익처럼 보이지만 장기적으로 조직의 경쟁력을 약화시킬 수 있다. 그래서 경영은 단순한 계산이 아니라, 현재와 미래를 동시에 바라보는 의사결정의 기술이라고 할 수 있다.

예전 기업들은 효율성에 매달렸어요. 더 싸게, 더 많이. 불필요한 절차는 쳐내고 표준화된 공정으로 품질을 잡아두는 게 경영의 전부처럼 여겨졌죠.

그리고 그건 실제로 먹혔어요. 제조업 중심 구조에서는요.

대량생산과 규모의 경제가 기업 성장의 핵심 동력이었던 시절, 많은 기업이 효율성을 기반으로 경쟁 우위를 쌓았고, 그게 수십 년간 통했죠.

근데 지금은 달라요.

효율적인 조직도 변화에 늦게 반응하면 시장에서 그냥 밀려나요. 아무리 공정이 탄탄해도요. 오히려 겉으로 비효율해 보이더라도 빠르게 실험하고 데이터로 배우는 조직들이 새로운 기회를 먼저 낚아채더라고요. 효율성은 이제 필요조건이지, 충분조건이 아닌 셈이에요.

그래서 요즘 현대 경영판에서 민첩성이 뜨거운 화두가 된 거예요.

민첩한 조직은 변화가 닥쳤을 때 그냥 버티는 게 아니라, 방향 자체를 확 틀어버려요. 기존 계획을 붙들고 늘어지는 게 아니라, 시장 반응이랑 데이터를 보고 전략을 고쳐 나가죠.

예를 들면 신제품 출시할 때 완벽한 버전을 오래 갈고닦는 것보다, 일단 최소 기능만 갖춘 제품을 먼저 내놓고 고객 반응부터 확인하는 방식이 점점 자리를 잡고 있어요. 빠르다고요. 근데 그게 그냥 서두르는 게 아니에요.

이건 실패를 줄이려는 전략이기도 하고, 동시에 실패가 생겼을 때 빨리 포착해서 손실을 줄이는 방식이기도 해요. 실패를 피하는 게 아니라 실패를 일찍 만나는 거죠. 그게 오히려 더 영리한 셈이에요.

근데 민첩하다는 게 즉흥적으로 달린다는 뜻은 아니에요.

방향도 없이 빠르게 움직이는 조직은, 오히려 스스로 혼란을 만들거든요. 결국 속도보다 먼저 챙겨야 하는 건 목적이에요. 기업은 자기가 왜 존재하는지, 어떤 고객 문제를 붙잡고 있는지, 무슨 가치를 건네는 곳인지를 확 짚고 있어야 해요.

그게 선명할 때 조직 구성원들은 상황이 흔들려도 같은 방향을 바라볼 수 있어요. 전략은 얼마든지 수정되죠.

근데 핵심 가치랑 고객에 대한 이해는 달라요. 그건 쉽게 건드리면 안 돼요.

요즘 경영에서 빠지지 않고 등장하는 게 데이터 기반 의사결정이에요. 예전엔 경영자의 경험과 직관이 판단의 중심이었거든요.

물론 그게 여전히 힘을 발휘하는 건 맞아요. 근데 데이터가 쌓이는 환경에서는 감에만 기대는 결정이 꽤 위험해지더라고요.

생각해보면 단순하죠. 고객이 어떤 상품을 자주 사는지, 어떤 경로로 들어오는지, 어떤 시점에 훅 떠나는지, 어떤 서비스에서 불만이 터지는지 이걸 들여다보면 기업은 훨씬 구체적인 전략을 짤 수 있어요. 막연한 추측 대신 근거가 생기는 거예요.

감이 아니라 근거. 그 차이가 결정의 무게를 바꿔요.
────────────────────────────────────────────────────────────────
⏱  241.4s   refine: 없음
────────────────────────────────────────────────────────────────
[🚦 출고 판정: CLEAN]
────────────────────────────────────────────────────────────────
[FLOOR 가드 — ★ 사실성·보존 (전 모드)]
  · contract: pov(fp단수 0) 화자게이트=closed 길이[0.85~1.3/1.5] ledger=11claims
  ★ 화자 드리프트(pov)    : 원문 1인칭 0 → 출력 0  ✅ 보존
  ★ 신규 사실 주입(novelty): 0건 ✅
  ★ 분량비(length)        : 115% ✅  (목표 0.85~1.3, hard 1.5)
  ★ 결론 반복(repetition) : 0건 ✅
  · 청크 6개: intro(332→432), body(270→270), body(313→348), body(274→369), body(248→268), conclusion(272→302)
  · soft drift (judge 후보): none ✅  added={"emotion":0,"future":0,"uncertainty":1,"reaction":0} modalΔ=-0.01
  ★ semanticJudge        : pass ✅ (claims 11, evidence폐기 1)
────────────────────────────────────────────────────────────────
────────────────────────────────────────────────────────────────
[surfaceguard — 카피킬러 대응 지표 (게이트 아님)]
  문단 23: 구체 3 / 위험 20 = 추상위험비율 0.87 (≈카피킬러 AI구간)
  generic 0.179(low) · anchor 0(low) · stance 0.018(low) · lenCV 0.593 · 종결연속 2
  ⚠️ needsUserAnchor: 원문 추상위험 0.833 — 실제 경험 메모 권장(가짜 생성 안 함)
────────────────────────────────────────────────────────────────
[표면 시그널 — regression report (게이트 아님, §11)]
  3+나열:–  의문문:–  콤마복문:–  수동:–  장문:–  추상:–  흐름연결:–  주제어max:–
────────────────────────────────────────────────────────────────

